=== preflight ===
  ok: profiles, validation gate, protocol, gap analysis, baselines locked

  !! UNATTENDED MODE: all permission prompts are bypassed.
     JHU/WHO baselines are chmod a-w and checksummed; drift is reported at the end.

=== plan ===
  countries queued : 40  ->  RWA AGO COG MRT MWI NAM CIV SOM TZA ZMB ERI SSD GAB GNQ MLI SWZ COD LBR SLE MOZ BDI BFA BWA GIN GMB GNB SEN ZAF ETH CAF NER CMR TCD BEN GHA TGO UGA NGA KEN ZWE
  per-country cap  : 2880 min, 600 turns
  concurrency      : 4 country(ies) at a time
  permission mode  : bypassPermissions
  dashboard        : refreshed after every country; full rebuild every 5
                     publish to GitHub Pages: yes
  logs             : logs/run_20260929-190752/
  manifest         : reference/run_manifest.csv   (touch STOP to halt gracefully)
  heartbeat       : pid 27768 -> dashboard/run_status.html (every 10 min)
  >> [1/40] RWA starting 19:08:01  (rows=429 sources=281)
  >> [2/40] AGO starting 19:08:06  (rows=915 sources=244)
  >> [3/40] COG starting 19:08:11  (rows=335 sources=120)
  >> [4/40] MRT starting 19:08:16  (rows=127 sources=113)
  << MRT  done  attempts 1  agents 7/7  rows 127->133 (+6)  sources 113->134 (+21)  235min
  .. MRT data: pushed
  >> [5/40] MWI starting 23:07:18  (rows=399 sources=117)
  << RWA  done  attempts 1  agents 7/7  rows 429->655 (+226)  sources 281->411 (+130)  753min
  .. RWA data: pushed
  >> [6/40] NAM starting 07:52:07  (rows=63 sources=68)
  .. NAM retry 2/3 (failed) 08:03:58
  << COG  done  attempts 1  agents 7/7  rows 335->611 (+276)  sources 120->188 (+68)  857min
  .. COG data: pushed
  >> [7/40] CIV starting 09:30:09  (rows=146 sources=71)
  .. AGO retry 2/3 (done) 12:06:02
  << AGO  done  attempts 2  agents 7/7  rows 915->9622 (+8707)  sources 244->1010 (+766)  1384min
  .. AGO data: pushed
  >> [8/40] SOM starting 18:16:09  (rows=40 sources=41)
  << NAM  done  attempts 2  agents 7/7  rows 63->202 (+139)  sources 68->242 (+174)  881min
  .. NAM data: pushed
  >> [9/40] TZA starting 22:39:44  (rows=167 sources=58)
  << MWI  done  attempts 1  agents 7/7  rows 399->2504 (+2105)  sources 117->456 (+339)  1426min
  .. MWI data: pushed
  >> [10/40] ZMB starting 22:57:36  (rows=25 sources=20)
  << SOM  done  attempts 1  agents 7/7  rows 40->2360 (+2320)  sources 41->563 (+522)  704min
  .. SOM data: pushed
  >> [11/40] ERI starting 06:04:46  (rows=19 sources=126)
  << CIV  done  attempts 1  agents 7/7  rows 146->1753 (+1607)  sources 71->301 (+230)  1599min
  .. CIV data: pushed
  >> [12/40] SSD starting 12:13:49  (rows=52 sources=22)
  << TZA  done  attempts 1  agents 7/7  rows 167->1508 (+1341)  sources 58->555 (+497)  918min
  .. TZA data: pushed
  >> [13/40] GAB starting 14:02:35  (rows=9 sources=12)
run_all_countries.sh: line 375:   317 Terminated: 15          run_country "$iso" "$n"
run_all_countries.sh: line 375: 96413 Terminated: 15          run_country "$iso" "$n"
run_all_countries.sh: line 375: 95649 Terminated: 15          run_country "$iso" "$n"
run_all_countries.sh: line 375: 80634 Terminated: 15          run_country "$iso" "$n"
