=== preflight ===
  ok: profiles, validation gate, protocol, gap analysis, baselines locked

  !! UNATTENDED MODE: all permission prompts are bypassed.
     JHU/WHO baselines are chmod a-w and checksummed; drift is reported at the end.

=== plan ===
  countries queued : 35  ->  RWA ZMB SSD GAB GNQ MLI SWZ COD LBR SLE MOZ BDI BFA BWA GIN GMB GNB SEN ZAF CIV NAM TZA COG CAF NER AGO SOM CMR TCD BEN GHA MRT KEN MWI ZWE
  per-country cap  : 480 min, 600 turns
  concurrency      : 1 country(ies) at a time
  permission mode  : bypassPermissions
  dashboard        : refreshed after every country; full rebuild every 5
                     publish to GitHub Pages: yes
  logs             : logs/run_20260928-094542/
  manifest         : reference/run_manifest.csv   (touch STOP to halt gracefully)
  heartbeat       : pid 32046 -> dashboard/run_status.html (every 10 min)
  >> [1/35] RWA starting 09:45:53  (rows=11 sources=12)
  !! RWA BLOCKED: account spend limit reached - halting the run.
     Countries already marked done are skipped when you restart;
     everything else is picked up where it left off.
  << RWA  blocked_spend_limit  attempts 1  agents /7  rows 11->181 (+170)  sources 12->86 (+74)  158min
  >> [2/35] ZMB starting 12:28:40  (rows=25 sources=20)
  !! ZMB BLOCKED: account spend limit reached - halting the run.
     Countries already marked done are skipped when you restart;
     everything else is picked up where it left off.
  << ZMB  blocked_spend_limit  attempts 1  agents /7  rows 25->25 (+0)  sources 20->20 (+0)  0min

STOP file present - dispatching no more countries.

=== run complete in 166 min ===

  mean coverage      : 83.5%
  gap periods        : 128 (historical 48, modern 38, recent 42)
  AI-only months     : 6994
  countries >180d stale: 1

--- baseline integrity ---
OK: all 64 baseline files unchanged

  incomplete_0of7    5
  blocked_spend_limit 44
  incomplete_3of7    2
  done               5
  incomplete_2of7    2
  timeout            1

BLOCKED BY SPEND LIMIT (31): BDI BEN BFA BWA CAF CIV CMR COD GAB GHA GIN GMB GNB GNQ KEN LBR MLI MOZ NAM NER RWA SEN SLE SOM SSD SWZ TCD TZA ZAF ZMB ZWE
These did not run and did not fail. They resume on the next launch.
NOT YET COMPLETE (35/40): AGO BDI BEN BFA BWA CAF CIV CMR COD COG GAB GHA GIN GMB GNB GNQ KEN LBR MLI MOZ MRT MWI NAM NER RWA SEN SLE SOM SSD SWZ TCD TZA ZAF ZMB ZWE
Re-run `bash run_all_countries.sh --unattended --publish-progress` to continue;
countries already marked done are skipped.

========================================================================
Validated 40 countries | 8714 data rows | 2707 metadata sources
ERROR 0   WARN 633   INFO 1262

Dashboard published to GitHub Pages.
