=== preflight ===
  ok: profiles, validation gate, protocol, gap analysis, baselines locked

  !! UNATTENDED MODE: all permission prompts are bypassed.
     JHU/WHO baselines are chmod a-w and checksummed; drift is reported at the end.

=== plan ===
  countries queued : 40  ->  RWA AGO COG MRT MWI NAM CIV SOM TZA ZMB ERI SSD GAB GNQ MLI SWZ COD LBR SLE MOZ BDI BFA BWA GIN GMB GNB SEN ZAF ETH CAF NER CMR TCD BEN GHA TGO UGA NGA KEN ZWE
  per-country cap  : 480 min, 600 turns
  concurrency      : 4 country(ies) at a time
  permission mode  : bypassPermissions
  dashboard        : refreshed after every country; full rebuild every 5
                     publish to GitHub Pages: yes
  logs             : logs/run_20260929-160950/
  manifest         : reference/run_manifest.csv   (touch STOP to halt gracefully)
  heartbeat       : pid 77129 -> dashboard/run_status.html (every 10 min)
  >> [1/40] RWA starting 16:09:58  (rows=321 sources=197)
  >> [2/40] AGO starting 16:10:03  (rows=331 sources=120)
  >> [3/40] COG starting 16:10:08  (rows=164 sources=70)
  >> [4/40] MRT starting 16:10:13  (rows=44 sources=52)
  .. COG retry 2/3 (failed) 19:07:14
  .. RWA retry 2/3 (failed) 19:07:14
  .. AGO retry 2/3 (failed) 19:07:14
  .. MRT retry 2/3 (failed) 19:07:14
