=== preflight ===
  ok: profiles, validation gate, protocol, gap analysis, baselines locked

  !! UNATTENDED MODE: all permission prompts are bypassed.
     JHU/WHO baselines are chmod a-w and checksummed; drift is reported at the end.

=== plan ===
  countries queued : 40  ->  ERI TGO UGA GHA KEN BEN ETH ZWE CIV NAM SOM TZA MRT COG MWI AGO NGA RWA ZMB SSD GAB GNQ MLI SWZ COD LBR SLE MOZ BDI BFA BWA GIN GMB GNB SEN ZAF CAF NER CMR TCD
  per-country cap  : 480 min, 600 turns
  permission mode  : bypassPermissions
  dashboard        : refreshed after every country; full rebuild every 5
                     publish to GitHub Pages: yes
  logs             : logs/run_20260919-002544/
  manifest         : reference/run_manifest.csv   (touch STOP to halt gracefully)

--- [1/40] ERI  (rows=52 sources=41)  00:25:50 ---
    retry 2/3 (done) 00:59:57
    retry 3/3 (done) 04:40:41
    incomplete_0of7  attempts 3  agents 0/7  rows 52->91 (+39)  sources 41->126 (+85)  504min
    dashboard refreshed (light)

--- [2/40] TGO  (rows=240 sources=165)  08:53:46         retry 2/3 (done) 10:26        incomplete_0of7  attem    incomplete_0of7  attempts 3  agents 0/7  rows 9->323 (+314)  sources 11->231 (+220)  776min
    dashboard refreshed (light)

--- [3/40] UGA  (rows=45 sources=30)  15:32:17 ---
    incomplete_0of7  attempts 1  agents 0/7  rows 45->184 (+139)  sources 30->115 (+85)  319min
    dashboard refreshed (light)

STOP file present - halting after 3 countries.

=== run complete in 1229 min ===

  mean coverage      : 76.0%
  gap periods        : 153 (historical 72, modern 38, recent 43)
  AI-only months     : 4968
  countries >180d stale: 6

--- baseline integrity ---
OK: all 64 baseline files unchanged

  incomplete_0of7    5
  done               1
  timeout            1

NOT YET COMPLETE (39/40): AGO BDI BEN BFA BWA CAF CIV CMR COD COG ETH GAB GHA GIN GMB GNB GNQ KEN LBR MLI MOZ MRT MWI NAM NER NGA RWA SEN SLE SOM SSD SWZ TCD TGO TZA UGA ZAF ZMB ZWE
Re-run `bash run_all_countries.sh --unattended --publish-progress` to continue;
countries already marked done are skipped.

========================================================================
Validated 40 countries | 1430 data rows | 1108 metadata sources
ERROR 0   WARN 429   INFO 529

Dashboard published to GitHub Pages.
