=== preflight ===
  ok: profiles, validation gate, protocol, gap analysis, baselines locked

  !! UNATTENDED MODE: all permission prompts are bypassed.
     JHU/WHO baselines are chmod a-w and checksummed; drift is reported at the end.

=== plan ===
  countries queued : 31  ->  ZMB ERI SSD GAB GNQ MLI SWZ COD LBR SLE MOZ BDI BFA BWA GIN GMB GNB SEN ZAF ETH CAF NER CMR TCD BEN GHA TGO UGA NGA KEN ZWE
  per-country cap  : 2880 min, 600 turns
  concurrency      : 10 country(ies) at a time
  permission mode  : bypassPermissions
  dashboard        : refreshed after every country; full rebuild every 1
                     publish to GitHub Pages: yes
  logs             : logs/run_20261001-194905/
  manifest         : reference/run_manifest.csv   (touch STOP to halt gracefully)
  heartbeat       : pid 19968 -> dashboard/run_status.html (every 10 min)
  >> [1/31] ZMB starting 19:49:22  (rows=1791 sources=395)
  >> [2/31] ERI starting 19:49:27  (rows=127 sources=248)
  >> [3/31] SSD starting 19:49:33  (rows=1041 sources=240)
  >> [4/31] GAB starting 19:49:38  (rows=34 sources=83)
  >> [5/31] GNQ starting 19:49:43  (rows=7 sources=6)
  >> [6/31] MLI starting 19:49:48  (rows=30 sources=13)
  >> [7/31] SWZ starting 19:49:53  (rows=9 sources=10)
  >> [8/31] COD starting 19:49:58  (rows=17 sources=19)
  >> [9/31] LBR starting 19:50:03  (rows=13 sources=10)
  >> [10/31] SLE starting 19:50:08  (rows=18 sources=24)
  .. ERI retry 2/3 (done) 22:24:53
  .. SSD retry 2/3 (failed) 09:33:32
  .. MLI retry 2/3 (failed) 09:33:32
  .. COD retry 2/3 (failed) 09:33:32
  .. ZMB retry 2/3 (failed) 09:33:32
  .. ERI retry 3/3 (failed) 09:33:32
  .. GAB retry 2/3 (failed) 09:33:32
  .. SLE retry 2/3 (failed) 09:33:32
  .. SWZ retry 2/3 (failed) 09:33:32
  .. GNQ retry 2/3 (failed) 09:33:32
  .. LBR retry 2/3 (failed) 09:34:05
  .. SSD retry 3/3 (failed) 09:59:34
  .. ZMB retry 3/3 (failed) 09:59:34
  .. COD retry 3/3 (failed) 09:59:34
  .. MLI retry 3/3 (failed) 09:59:34
  .. SLE retry 3/3 (failed) 09:59:34
  .. SWZ retry 3/3 (failed) 09:59:34
  .. GNQ retry 3/3 (failed) 09:59:34
  .. GAB retry 3/3 (failed) 09:59:34
  << ERI  failed  attempts 3  agents 7/7  rows 127->136 (+9)  sources 248->285 (+37)  850min
  .. ERI data: pushed
  >> [11/31] MOZ starting 10:16:45  (rows=50 sources=18)
  << SSD  done  attempts 3  agents 7/7  rows 1041->1500 (+459)  sources 240->362 (+122)  1106min
  .. SSD data: pushed
  >> [12/31] BDI starting 14:26:44  (rows=18 sources=10)
  << SWZ  done  attempts 3  agents 7/7  rows 9->165 (+156)  sources 10->141 (+131)  1274min
  .. SWZ data: pushed
  >> [13/31] BFA starting 17:15:12  (rows=25 sources=15)
  << SLE  done  attempts 3  agents 7/7  rows 18->379 (+361)  sources 24->188 (+164)  1325min
  .. SLE data: pushed
  >> [14/31] BWA starting 18:06:07  (rows=7 sources=8)
  << GNQ  done  attempts 3  agents 7/7  rows 7->39 (+32)  sources 6->86 (+80)  1458min
  .. GNQ data: pushed
  >> [15/31] GIN starting 20:16:51  (rows=12 sources=12)
  << LBR  done  attempts 2  agents 7/7  rows 13->1453 (+1440)  sources 10->324 (+314)  1491min
  .. LBR data: pushed
  >> [16/31] GMB starting 20:49:33  (rows=5 sources=8)
  << COD  done  attempts 3  agents 7/7  rows 17->11033 (+11016)  sources 19->1069 (+1050)  1506min
  .. COD data: pushed
  >> [17/31] GNB starting 21:05:23  (rows=22 sources=19)
  << ZMB  incomplete_4of7  attempts 3  agents 4/7  rows 1791->2056 (+265)  sources 395->537 (+142)  1998min
  .. ZMB data: pushed
  >> [18/31] SEN starting 05:16:56  (rows=29 sources=21)
  << BFA  done  attempts 1  agents 7/7  rows 25->668 (+643)  sources 15->222 (+207)  792min
  .. BFA data: pushed
  >> [19/31] ZAF starting 06:37:59  (rows=60 sources=32)
  << MLI  done  attempts 3  agents 7/7  rows 30->1158 (+1128)  sources 13->418 (+405)  2125min
  .. MLI data: pushed
  >> [20/31] ETH starting 07:23:28  (rows=580 sources=140)
  << GMB  done  attempts 1  agents 7/7  rows 5->59 (+54)  sources 8->70 (+62)  963min
  .. GMB data: pushed
  >> [21/31] CAF starting 13:04:58  (rows=9 sources=9)
  << BDI  done  attempts 1  agents 7/7  rows 18->1356 (+1338)  sources 10->514 (+504)  1413min
  .. BDI data: pushed
  >> [22/31] NER starting 14:08:36  (rows=34 sources=30)
  << GAB  incomplete_6of7  attempts 3  agents 6/7  rows 34->41 (+7)  sources 83->127 (+44)  2588min
  .. GAB data: pushed
  >> [23/31] CMR starting 15:06:34  (rows=22 sources=21)
  << GIN  done  attempts 1  agents 7/7  rows 12->1541 (+1529)  sources 12->279 (+267)  1238min
  .. GIN data: pushed
  >> [24/31] TCD starting 17:03:03  (rows=20 sources=18)
  << BWA  done  attempts 1  agents 7/7  rows 7->80 (+73)  sources 8->82 (+74)  1461min
  .. BWA data: pushed
  >> [25/31] BEN starting 18:35:02  (rows=648 sources=204)
  << GNB  done  attempts 1  agents 7/7  rows 22->986 (+964)  sources 19->310 (+291)  1488min
  .. GNB data: pushed
  << MOZ  done  attempts 1  agents 7/7  rows 50->5222 (+5172)  sources 18->793 (+775)  2140min
  .. MOZ data: pushed
  >> [26/31] GHA starting 22:00:54  (rows=641 sources=244)
  >> [27/31] TGO starting 22:07:44  (rows=323 sources=231)
  << CAF  done  attempts 1  agents 7/7  rows 9->91 (+82)  sources 9->147 (+138)  648min
  .. CAF data: pushed
  >> [28/31] UGA starting 00:00:27  (rows=184 sources=115)
  << NER  done  attempts 1  agents 7/7  rows 34->904 (+870)  sources 30->293 (+263)  856min
  .. NER data: pushed
  >> [29/31] NGA starting 04:32:40  (rows=3391 sources=439)
  << SEN  done  attempts 1  agents 7/7  rows 29->1479 (+1450)  sources 21->338 (+317)  1426min
  .. SEN data: pushed
  >> [30/31] KEN starting 05:11:03  (rows=830 sources=132)
  .. ZAF retry 2/3 (done) 08:11:07
  << BEN  done  attempts 1  agents 7/7  rows 648->1430 (+782)  sources 204->332 (+128)  850min
  .. BEN data: pushed
  >> [31/31] ZWE starting 08:53:45  (rows=70 sources=36)
  .. ZAF retry 3/3 (done) 10:22:02
  << CMR  done  attempts 1  agents 7/7  rows 22->1114 (+1092)  sources 21->327 (+306)  1274min
  .. CMR data: pushed
  << TCD  done  attempts 1  agents 7/7  rows 20->1720 (+1700)  sources 18->282 (+264)  1238min
  .. TCD data: pushed
  << TGO  done  attempts 1  agents 7/7  rows 323->922 (+599)  sources 231->334 (+103)  1325min
  .. TGO data: pushed
  << ZAF  done  attempts 3  agents 7/7  rows 60->2524 (+2464)  sources 32->604 (+572)  2278min
  .. ZAF data: pushed
  << ETH  done  attempts 1  agents 7/7  rows 580->3306 (+2726)  sources 140->504 (+364)  2240min
  .. ETH data: pushed
  << NGA  done  attempts 1  agents 7/7  rows 3391->5896 (+2505)  sources 439->751 (+312)  1124min
  .. NGA data: pushed
  << UGA  done  attempts 1  agents 7/7  rows 184->933 (+749)  sources 115->424 (+309)  1469min
  .. UGA data: pushed
  << GHA  done  attempts 1  agents 7/7  rows 641->2402 (+1761)  sources 244->662 (+418)  1830min
  .. GHA data: pushed
  << ZWE  done  attempts 1  agents 7/7  rows 70->3194 (+3124)  sources 36->458 (+422)  1835min
  .. ZWE data: pushed
  .. KEN retry 2/3 (failed) 19:03:57
  .. KEN retry 3/3 (failed) 20:02:35
  << KEN  done  attempts 3  agents 7/7  rows 830->2615 (+1785)  sources 132->575 (+443)  3379min
  .. KEN data: pushed

=== run complete in 6829 min ===

  mean coverage      : 89.9%
  gap periods        : 116 (historical 70, modern 31, recent 15)
  AI-only months     : 8769
  countries >180d stale: 1

--- baseline integrity ---
OK: all 64 baseline files unchanged

  incomplete_6of7    1
  failed             1
  incomplete_4of7    1
  done               40

ALL 40 COUNTRIES COMPLETE.

========================================================================
Validated 40 countries | 75750 data rows | 15698 metadata sources
ERROR 0   WARN 1924   INFO 12230

Dashboard published to GitHub Pages.
