=== preflight ===
  ok: profiles, validation gate, protocol, gap analysis, baselines locked

  !! UNATTENDED MODE: all permission prompts are bypassed.
     JHU/WHO baselines are chmod a-w and checksummed; drift is reported at the end.

=== plan ===
  countries queued : 1  ->  RWA
  per-country cap  : 480 min, 600 turns
  concurrency      : 1 country(ies) at a time
  permission mode  : bypassPermissions
  dashboard        : refreshed after every country; full rebuild every 5
                     publish to GitHub Pages: yes
  logs             : logs/run_20260928-130438/
  manifest         : reference/run_manifest.csv   (touch STOP to halt gracefully)
  heartbeat       : pid 79258 -> dashboard/run_status.html (every 10 min)
  >> [1/1] RWA starting 13:04:46  (rows=181 sources=86)
  !! RWA BLOCKED: account spend limit reached - halting the run.
     Countries already marked done are skipped when you restart;
     everything else is picked up where it left off.
  << RWA  blocked_spend_limit  attempts 1  agents /7  rows 181->321 (+140)  sources 86->197 (+111)  451min

=== run complete in 454 min ===

  mean coverage      : 83.5%
  gap periods        : 135 (historical 48, modern 45, recent 42)
  AI-only months     : 6988
  countries >180d stale: 1

--- baseline integrity ---
OK: all 64 baseline files unchanged

  incomplete_0of7    5
  blocked_spend_limit 45
  incomplete_3of7    2
  done               5
  incomplete_2of7    2
  timeout            1

BLOCKED BY SPEND LIMIT (31): BDI BEN BFA BWA CAF CIV CMR COD GAB GHA GIN GMB GNB GNQ KEN LBR MLI MOZ NAM NER RWA SEN SLE SOM SSD SWZ TCD TZA ZAF ZMB ZWE
These did not run and did not fail. They resume on the next launch.
NOT YET COMPLETE (35/40): AGO BDI BEN BFA BWA CAF CIV CMR COD COG GAB GHA GIN GMB GNB GNQ KEN LBR MLI MOZ MRT MWI NAM NER RWA SEN SLE SOM SSD SWZ TCD TZA ZAF ZMB ZWE
Re-run `bash run_all_countries.sh --unattended --publish-progress` to continue;
countries already marked done are skipped.

========================================================================
Validated 40 countries | 8854 data rows | 2818 metadata sources
ERROR 0   WARN 616   INFO 1310

Dashboard published to GitHub Pages.
