=== preflight ===
  ok: profiles, validation gate, protocol, gap analysis, baselines locked

  !! UNATTENDED MODE: all permission prompts are bypassed.
     JHU/WHO baselines are chmod a-w and checksummed; drift is reported at the end.

=== plan ===
  countries queued : 36  ->  MRT COG MWI AGO NGA RWA ZMB SSD GAB GNQ MLI SWZ COD LBR SLE MOZ BDI BFA BWA GIN GMB GNB SEN ZAF CAF CIV NAM TZA NER CMR SOM TCD BEN GHA KEN ZWE
  per-country cap  : 480 min, 600 turns
  concurrency      : 4 country(ies) at a time
  permission mode  : bypassPermissions
  dashboard        : refreshed after every country; full rebuild every 5
                     publish to GitHub Pages: yes
  logs             : logs/run_20260921-083942/
  manifest         : reference/run_manifest.csv   (touch STOP to halt gracefully)
  heartbeat       : pid 12011 -> dashboard/run_status.html (every 10 min)
  >> [1/36] MRT starting 08:39:49  (rows=9 sources=8)
  >> [2/36] COG starting 08:39:55  (rows=21 sources=11)
  >> [3/36] MWI starting 08:40:00  (rows=46 sources=31)
  >> [4/36] AGO starting 08:40:05  (rows=55 sources=34)
  << AGO  incomplete_2of7  attempts 1  agents 2/7  rows 55->331 (+276)  sources 34->120 (+86)  157min
  << COG  incomplete_3of7  attempts 1  agents 3/7  rows 21->164 (+143)  sources 11->70 (+59)  158min
  << MRT  incomplete_3of7  attempts 1  agents 3/7  rows 9->44 (+35)  sources 8->52 (+44)  158min
  << MWI  incomplete_2of7  attempts 1  agents 2/7  rows 46->399 (+353)  sources 31->117 (+86)  158min
  >> [5/36] NGA starting 11:21:47  (rows=30 sources=23)

STOP file present - dispatching no more countries.
  .. NGA retry 2/3 (timeout) 21:56:28
  << NGA  done  attempts 2  agents 7/7  rows 30->3391 (+3361)  sources 23->439 (+416)  1067min

=== run complete in 1235 min ===

  mean coverage      : 81.6%
  gap periods        : 119 (historical 48, modern 29, recent 42)
  AI-only months     : 6490
  countries >180d stale: 1

--- baseline integrity ---
OK: all 64 baseline files unchanged

  incomplete_0of7    5
  blocked_spend_limit 42
  incomplete_3of7    2
  done               5
  incomplete_2of7    2
  timeout            1

BLOCKED BY SPEND LIMIT (31): BDI BEN BFA BWA CAF CIV CMR COD GAB GHA GIN GMB GNB GNQ KEN LBR MLI MOZ NAM NER RWA SEN SLE SOM SSD SWZ TCD TZA ZAF ZMB ZWE
These did not run and did not fail. They resume on the next launch.
NOT YET COMPLETE (35/40): AGO BDI BEN BFA BWA CAF CIV CMR COD COG GAB GHA GIN GMB GNB GNQ KEN LBR MLI MOZ MRT MWI NAM NER RWA SEN SLE SOM SSD SWZ TCD TZA ZAF ZMB ZWE
Re-run `bash run_all_countries.sh --unattended --publish-progress` to continue;
countries already marked done are skipped.

========================================================================
Validated 40 countries | 8544 data rows | 2633 metadata sources
ERROR 0   WARN 622   INFO 1207

Dashboard published to GitHub Pages.
