=== preflight ===
  ok: profiles, validation gate, protocol, gap analysis, baselines locked

  !! UNATTENDED MODE: all permission prompts are bypassed.
     JHU/WHO baselines are chmod a-w and checksummed; drift is reported at the end.

=== plan ===
  countries queued : 40  ->  ERI TGO UGA GHA KEN BEN ETH ZWE CIV NAM SOM TZA MRT COG MWI AGO NGA RWA ZMB SSD GAB GNQ MLI SWZ COD LBR SLE MOZ BDI BFA BWA GIN GMB GNB SEN ZAF CAF NER CMR TCD
  per-country cap  : 240 min, 600 turns
  permission mode  : bypassPermissions
  dashboard        : refreshed after every country; full rebuild every 5
                     publish to GitHub Pages: yes
  logs             : logs/run_20260918-201545/
  manifest         : reference/run_manifest.csv   (touch STOP to halt gracefully)

--- [1/40] ERI  (rows=0 sources=0)  20:15:52 ---
    timeout  agents 0/7  rows 0->52 (+52)  sources 0->41 (+41)  240min
    dashboard refreshed (light)

STOP file present - halting after 1 countries.

=== run complete in 243 min ===

  mean coverage      : 75.0%
  gap periods        : 157 (historical 76, modern 38, recent 43)
  AI-only months     : 4685
  countries >180d stale: 8

--- baseline integrity ---
OK: all 64 baseline files unchanged

  timeout        1

========================================================================
Validated 40 countries | 965 data rows | 718 metadata sources
ERROR 0   WARN 376   INFO 238

Dashboard published to GitHub Pages.
