=== preflight ===
  ok: profiles, validation gate, protocol, gap analysis, baselines locked

  !! UNATTENDED MODE: all permission prompts are bypassed.
     JHU/WHO baselines are chmod a-w and checksummed; drift is reported at the end.

=== plan ===
  countries queued : 37  ->  GHA KEN BEN ETH ZWE CIV NAM SOM TZA MRT COG MWI AGO NGA RWA ZMB SSD GAB GNQ MLI SWZ COD LBR SLE MOZ BDI BFA BWA GIN GMB GNB SEN ZAF CAF NER CMR TCD
  per-country cap  : 480 min, 600 turns
  concurrency      : 4 country(ies) at a time
  permission mode  : bypassPermissions
  dashboard        : refreshed after every country; full rebuild every 5
                     publish to GitHub Pages: yes
  logs             : logs/run_20260919-210157/
  manifest         : reference/run_manifest.csv   (touch STOP to halt gracefully)
  heartbeat       : pid 22203 -> dashboard/run_status.html (every 10 min)
  >> [1/37] GHA starting 21:02:04  (rows=34 sources=26)
  >> [2/37] KEN starting 21:02:09  (rows=38 sources=23)
  >> [3/37] BEN starting 21:02:14  (rows=17 sources=8)
  >> [4/37] ETH starting 21:02:19  (rows=39 sources=17)
  << ETH  done  attempts 1  agents 7/7  rows 39->580 (+541)  sources 17->140 (+123)  294min
  >> [5/37] ZWE starting 02:00:18  (rows=35 sources=15)
  .. BEN retry 2/3 (failed) 02:33:37
  .. BEN retry 3/3 (failed) 02:33:39
  << BEN  failed  attempts 3  agents 4/7  rows 17->648 (+631)  sources 8->204 (+196)  331min
  .. GHA retry 2/3 (failed) 02:33:50
  .. GHA retry 3/3 (failed) 02:33:51
  .. ZWE retry 2/3 (failed) 02:33:51
  .. ZWE retry 3/3 (failed) 02:33:53
  .. KEN retry 2/3 (failed) 02:33:53
  << GHA  failed  attempts 3  agents 5/7  rows 34->641 (+607)  sources 26->244 (+218)  331min
  .. KEN retry 3/3 (failed) 02:33:54
  << ZWE  failed  attempts 3  agents 1/7  rows 35->70 (+35)  sources 15->36 (+21)  33min
  << KEN  failed  attempts 3  agents 6/7  rows 38->830 (+792)  sources 23->132 (+109)  331min
  >> [6/37] CIV starting 02:36:56  (rows=13 sources=12)
  .. CIV retry 2/3 (failed) 02:36:58
  .. CIV retry 3/3 (failed) 02:36:59
  << CIV  failed  attempts 3  agents 0/7  rows 13->13 (+0)  sources 12->12 (+0)  0min
  >> [7/37] NAM starting 02:40:01  (rows=15 sources=18)
  .. NAM retry 2/3 (failed) 02:40:09
  .. NAM retry 3/3 (failed) 02:40:10
  << NAM  failed  attempts 3  agents 0/7  rows 15->15 (+0)  sources 18->18 (+0)  0min
  >> [8/37] SOM starting 02:42:51  (rows=26 sources=27)
  .. SOM retry 2/3 (failed) 02:42:53
  .. SOM retry 3/3 (failed) 02:42:55
  << SOM  failed  attempts 3  agents 0/7  rows 26->26 (+0)  sources 27->27 (+0)  0min
  >> [9/37] TZA starting 02:48:12  (rows=22 sources=14)
  .. TZA retry 2/3 (failed) 02:48:13
  .. TZA retry 3/3 (failed) 02:48:15
  << TZA  failed  attempts 3  agents 0/7  rows 22->22 (+0)  sources 14->14 (+0)  0min
  >> [10/37] MRT starting 02:51:02  (rows=9 sources=8)
  .. MRT retry 2/3 (failed) 02:51:05
  .. MRT retry 3/3 (failed) 02:51:07
  << MRT  failed  attempts 3  agents 0/7  rows 9->9 (+0)  sources 8->8 (+0)  0min
  >> [11/37] COG starting 02:54:07  (rows=21 sources=11)
  .. COG retry 2/3 (failed) 02:54:12
  .. COG retry 3/3 (failed) 02:54:13
  << COG  failed  attempts 3  agents 0/7  rows 21->21 (+0)  sources 11->11 (+0)  0min
  >> [12/37] MWI starting 02:56:57  (rows=46 sources=31)
  .. MWI retry 2/3 (failed) 02:57:08
  .. MWI retry 3/3 (failed) 02:57:09
  << MWI  failed  attempts 3  agents 0/7  rows 46->46 (+0)  sources 31->31 (+0)  0min
  >> [13/37] AGO starting 03:00:03  (rows=55 sources=34)
  .. AGO retry 2/3 (failed) 03:00:07
  .. AGO retry 3/3 (failed) 03:00:08
  << AGO  failed  attempts 3  agents 0/7  rows 55->55 (+0)  sources 34->34 (+0)  0min
  >> [14/37] NGA starting 03:05:08  (rows=30 sources=23)
  .. NGA retry 2/3 (failed) 03:05:16
  .. NGA retry 3/3 (failed) 03:05:17
  << NGA  failed  attempts 3  agents 0/7  rows 30->30 (+0)  sources 23->23 (+0)  0min
  >> [15/37] RWA starting 03:08:28  (rows=11 sources=12)
  .. RWA retry 2/3 (failed) 03:08:30
  .. RWA retry 3/3 (failed) 03:08:31
  << RWA  failed  attempts 3  agents 0/7  rows 11->11 (+0)  sources 12->12 (+0)  0min
  >> [16/37] ZMB starting 03:11:03  (rows=25 sources=20)
  .. ZMB retry 2/3 (failed) 03:11:05
  .. ZMB retry 3/3 (failed) 03:11:07
  << ZMB  failed  attempts 3  agents 0/7  rows 25->25 (+0)  sources 20->20 (+0)  0min
  >> [17/37] SSD starting 03:14:09  (rows=52 sources=22)
  .. SSD retry 2/3 (failed) 03:14:10
  .. SSD retry 3/3 (failed) 03:14:12
  << SSD  failed  attempts 3  agents 0/7  rows 52->52 (+0)  sources 22->22 (+0)  0min
  >> [18/37] GAB starting 03:16:59  (rows=9 sources=12)
  .. GAB retry 2/3 (failed) 03:17:02
  .. GAB retry 3/3 (failed) 03:17:03
  << GAB  failed  attempts 3  agents 0/7  rows 9->9 (+0)  sources 12->12 (+0)  0min
  >> [19/37] GNQ starting 03:22:19  (rows=7 sources=6)
  .. GNQ retry 2/3 (failed) 03:22:22
  .. GNQ retry 3/3 (failed) 03:22:23
  << GNQ  failed  attempts 3  agents 0/7  rows 7->7 (+0)  sources 6->6 (+0)  0min
  >> [20/37] MLI starting 03:25:09  (rows=30 sources=13)
  .. MLI retry 2/3 (failed) 03:25:11
  .. MLI retry 3/3 (failed) 03:25:12
  << MLI  failed  attempts 3  agents 0/7  rows 30->30 (+0)  sources 13->13 (+0)  0min
  >> [21/37] SWZ starting 03:28:00  (rows=9 sources=10)
  .. SWZ retry 2/3 (failed) 03:28:01
  .. SWZ retry 3/3 (failed) 03:28:03
  << SWZ  failed  attempts 3  agents 0/7  rows 9->9 (+0)  sources 10->10 (+0)  0min
  >> [22/37] COD starting 03:31:05  (rows=17 sources=19)
  .. COD retry 2/3 (failed) 03:31:07
  .. COD retry 3/3 (failed) 03:31:08
  << COD  failed  attempts 3  agents 0/7  rows 17->17 (+0)  sources 19->19 (+0)  0min
  >> [23/37] LBR starting 03:33:55  (rows=13 sources=10)
  .. LBR retry 2/3 (failed) 03:33:57
  .. LBR retry 3/3 (failed) 03:33:58
  << LBR  failed  attempts 3  agents 0/7  rows 13->13 (+0)  sources 10->10 (+0)  0min
  >> [24/37] SLE starting 03:39:30  (rows=18 sources=24)
  .. SLE retry 2/3 (failed) 03:39:32
  .. SLE retry 3/3 (failed) 03:39:34
  << SLE  failed  attempts 3  agents 0/7  rows 18->18 (+0)  sources 24->24 (+0)  0min
  >> [25/37] MOZ starting 03:42:21  (rows=50 sources=18)
  .. MOZ retry 2/3 (failed) 03:42:38
  .. MOZ retry 3/3 (failed) 03:42:40
  << MOZ  failed  attempts 3  agents 0/7  rows 50->50 (+0)  sources 18->18 (+0)  0min
  >> [26/37] BDI starting 03:45:26  (rows=18 sources=10)
  .. BDI retry 2/3 (failed) 03:45:30
  .. BDI retry 3/3 (failed) 03:45:32
  << BDI  failed  attempts 3  agents 0/7  rows 18->18 (+0)  sources 10->10 (+0)  0min
  >> [27/37] BFA starting 03:48:16  (rows=25 sources=15)
  .. BFA retry 2/3 (failed) 03:48:19
  .. BFA retry 3/3 (failed) 03:48:21
  << BFA  failed  attempts 3  agents 0/7  rows 25->25 (+0)  sources 15->15 (+0)  0min
  >> [28/37] BWA starting 03:51:06  (rows=7 sources=8)
  .. BWA retry 2/3 (failed) 03:51:10
  .. BWA retry 3/3 (failed) 03:51:11
  << BWA  failed  attempts 3  agents 0/7  rows 7->7 (+0)  sources 8->8 (+0)  0min
  >> [29/37] GIN starting 03:56:27  (rows=12 sources=12)
  .. GIN retry 2/3 (failed) 03:56:28
  .. GIN retry 3/3 (failed) 03:56:30
  << GIN  failed  attempts 3  agents 0/7  rows 12->12 (+0)  sources 12->12 (+0)  0min
  >> [30/37] GMB starting 03:59:17  (rows=5 sources=8)
  .. GMB retry 2/3 (failed) 03:59:19
  .. GMB retry 3/3 (failed) 03:59:21
  << GMB  failed  attempts 3  agents 0/7  rows 5->5 (+0)  sources 8->8 (+0)  0min
  >> [31/37] GNB starting 04:02:22  (rows=22 sources=19)
  .. GNB retry 2/3 (failed) 04:02:24
  .. GNB retry 3/3 (failed) 04:02:25
  << GNB  failed  attempts 3  agents 0/7  rows 22->22 (+0)  sources 19->19 (+0)  0min
  >> [32/37] SEN starting 04:05:12  (rows=29 sources=21)
  .. SEN retry 2/3 (failed) 04:05:14
  .. SEN retry 3/3 (failed) 04:05:16
  << SEN  failed  attempts 3  agents 0/7  rows 29->29 (+0)  sources 21->21 (+0)  0min
  >> [33/37] ZAF starting 04:08:02  (rows=60 sources=32)
  .. ZAF retry 2/3 (failed) 04:08:05
  .. ZAF retry 3/3 (failed) 04:08:07
  << ZAF  failed  attempts 3  agents 0/7  rows 60->60 (+0)  sources 32->32 (+0)  0min
  >> [34/37] CAF starting 04:13:23  (rows=9 sources=9)
  .. CAF retry 2/3 (failed) 04:13:25
  .. CAF retry 3/3 (failed) 04:13:26
  << CAF  failed  attempts 3  agents 0/7  rows 9->9 (+0)  sources 9->9 (+0)  0min
  >> [35/37] NER starting 04:16:13  (rows=34 sources=30)
  .. NER retry 2/3 (failed) 04:16:17
  .. NER retry 3/3 (failed) 04:16:19
  << NER  failed  attempts 3  agents 0/7  rows 34->34 (+0)  sources 30->30 (+0)  0min
  >> [36/37] CMR starting 04:19:18  (rows=22 sources=21)
  .. CMR retry 2/3 (failed) 04:19:20
  .. CMR retry 3/3 (failed) 04:19:21
  << CMR  failed  attempts 3  agents 0/7  rows 22->22 (+0)  sources 21->21 (+0)  0min
  >> [37/37] TCD starting 04:22:08  (rows=20 sources=18)
  .. TCD retry 2/3 (failed) 04:22:12
  .. TCD retry 3/3 (failed) 04:22:13
  << TCD  failed  attempts 3  agents 0/7  rows 20->20 (+0)  sources 18->18 (+0)  0min

=== run complete in 454 min ===

  mean coverage      : 75.1%
  gap periods        : 145 (historical 66, modern 36, recent 43)
  AI-only months     : 4714
  countries >180d stale: 1

--- baseline integrity ---
OK: all 64 baseline files unchanged

  incomplete_0of7    5
  failed             36
  done               4
  timeout            1

NOT YET COMPLETE (36/40): AGO BDI BEN BFA BWA CAF CIV CMR COD COG GAB GHA GIN GMB GNB GNQ KEN LBR MLI MOZ MRT MWI NAM NER NGA RWA SEN SLE SOM SSD SWZ TCD TZA ZAF ZMB ZWE
Re-run `bash run_all_countries.sh --unattended --publish-progress` to continue;
countries already marked done are skipped.

========================================================================
Validated 40 countries | 4036 data rows | 1775 metadata sources
ERROR 0   WARN 467   INFO 851

Dashboard published to GitHub Pages.
