=== preflight ===
  ok: profiles, validation gate, protocol, gap analysis, baselines locked

  !! UNATTENDED MODE: all permission prompts are bypassed.
     JHU/WHO baselines are chmod a-w and checksummed; drift is reported at the end.

=== plan ===
  countries queued : 36  ->  MRT COG MWI AGO NGA RWA ZMB SSD GAB GNQ MLI SWZ COD LBR SLE MOZ BDI BFA BWA GIN GMB GNB SEN ZAF CAF CIV NAM TZA NER CMR SOM TCD BEN GHA KEN ZWE
  per-country cap  : 480 min, 600 turns
  concurrency      : 4 country(ies) at a time
  permission mode  : bypassPermissions
  dashboard        : refreshed after every country; full rebuild every 5
                     publish to GitHub Pages: yes
  logs             : logs/run_20260921-073108/
  manifest         : reference/run_manifest.csv   (touch STOP to halt gracefully)
  heartbeat       : pid 45975 -> dashboard/run_status.html (every 10 min)
  >> [1/36] MRT starting 07:31:17  (rows=9 sources=8)
  !! MRT BLOCKED: account spend limit reached - halting the run.
     Countries already marked done are skipped when you restart;
     everything else is picked up where it left off.
  << MRT  blocked_spend_limit  attempts 1  agents /7  rows 9->9 (+0)  sources 8->8 (+0)  0min

STOP file present - dispatching no more countries.

=== run complete in 42 min ===

  mean coverage      : 78.8%
  gap periods        : 133 (historical 60, modern 31, recent 42)
  AI-only months     : 5720
  countries >180d stale: 1

--- baseline integrity ---
OK: all 64 baseline files unchanged

  incomplete_0of7    5
  blocked_spend_limit 42
  done               4
  timeout            1

BLOCKED BY SPEND LIMIT (36): AGO BDI BEN BFA BWA CAF CIV CMR COD COG GAB GHA GIN GMB GNB GNQ KEN LBR MLI MOZ MRT MWI NAM NER NGA RWA SEN SLE SOM SSD SWZ TCD TZA ZAF ZMB ZWE
These did not run and did not fail. They resume on the next launch.
NOT YET COMPLETE (36/40): AGO BDI BEN BFA BWA CAF CIV CMR COD COG GAB GHA GIN GMB GNB GNQ KEN LBR MLI MOZ MRT MWI NAM NER NGA RWA SEN SLE SOM SSD SWZ TCD TZA ZAF ZMB ZWE
Re-run `bash run_all_countries.sh --unattended --publish-progress` to continue;
countries already marked done are skipped.

========================================================================
Validated 40 countries | 4376 data rows | 1942 metadata sources
ERROR 0   WARN 524   INFO 910

Dashboard published to GitHub Pages.
